ROOT@0..10
  NEWLINE@0..1 "\n"
  NEWLINE@1..2 "\n"
  NEWLINE@2..3 "\n"
  STATEMENT@3..10
    ASSIGN@3..9
      PLACE@3..5
        CELL@3..5 "A2"
      WHITESPACE@5..6 " "
      EQ@6..7 "="
      EXPR@7..9
        WHITESPACE@7..8 " "
        INT@8..9 "4"
    NEWLINE@9..10 "\n"
