ROOT@0..10
  STATEMENT@0..10
    ASSIGN@0..9
      PLACE@0..5
        CELL_RANGE@0..5
          CELL@0..2 "A3"
          COLON@2..3 ":"
          CELL@3..5 "A5"
      WHITESPACE@5..6 " "
      EQ@6..7 "="
      EXPR@7..9
        WHITESPACE@7..8 " "
        INT@8..9 "1"
    NEWLINE@9..10 "\n"
